// Jest Snapshot v1, https://goo.gl/fbAQLP

exports[`<AddGroupModal /> should render correctly 1`] = `
<ContextConsumer>
  <Component />
</ContextConsumer>
`;
